// Jest Snapshot v1, https://goo.gl/fbAQLP

exports[`bundles chunks: assets/content.esm-wrapper-a6ac6bbe.js 1`] = `
"(function () {
  'use strict';

  const importPath = \\"content.js\\";

  const url = chrome.runtime.getURL(importPath);
  import(
    /* @vite-ignore */
    url
  ).catch((err) => {
    console.warn(\`Could not import \${importPath} from \${chrome.runtime.getManifest().name}\`);
    console.error(err);
  });

})();
"
`;

exports[`bundles chunks: background.js 1`] = `
"console.log(\\"service_worker.ts\\");
"
`;

exports[`bundles chunks: manifest.json 1`] = `
Object {
  "action": Object {
    "default_popup": "popup.html",
  },
  "background": Object {
    "service_worker": "background.js",
    "type": "module",
  },
  "content_scripts": Array [
    Object {
      "js": Array [
        "assets/content.esm-wrapper-a6ac6bbe.js",
      ],
      "matches": Array [
        "http://*/*",
        "https://*/*",
      ],
    },
  ],
  "description": "integration tests",
  "manifest_version": 3,
  "name": "Test",
  "permissions": Array [],
  "version": "1.0.0",
  "web_accessible_resources": Array [
    Object {
      "matches": Array [
        "http://*/*",
        "https://*/*",
      ],
      "resources": Array [
        "content.js",
      ],
    },
  ],
}
`;

exports[`bundles chunks: parsed manifest 1`] = `
Array [
  Array [
    "background.js",
  ],
  Array [
    "assets/content.esm-wrapper-a6ac6bbe.js",
  ],
  Array [],
  Array [
    "popup.html",
  ],
  Array [],
  Array [],
]
`;

exports[`bundles chunks: popup.html 1`] = `
"<!DOCTYPE html><html lang=\\"en\\"><head>
    <meta charset=\\"UTF-8\\">
    <meta name=\\"viewport\\" content=\\"width=1000, initial-scale=1.0\\">
    <title>Popup Page</title>
  </head>
  <body>
    <div id=\\"root\\"></div>
    <script src=\\"popup.js\\" type=\\"module\\"></script>
  

</body></html>"
`;
