// Jest Snapshot v1, https://goo.gl/fbAQLP

exports[`writes entry points to disk 1`] = `
"<!DOCTYPE html><html lang=\\"en\\"><head>
    <script type=\\"module\\" src=\\"/@vite/client?delay=popup.html\\"></script>
    <script type=\\"module\\" src=\\"/__inlineScript?inline=popup.html&amp;hash=aCkJlZSfnd&amp;delay=popup.html\\"></script>

    <meta charset=\\"UTF-8\\">
    <meta name=\\"viewport\\" content=\\"width=1000, initial-scale=1.0\\">
    <title>Popup Page</title>
  </head>
  <body>
    <div id=\\"root\\"></div>
    <script src=\\"/popup.tsx?delay=popup.html\\" type=\\"module\\"></script>
  

</body></html>"
`;
