// Jest Snapshot v1, https://goo.gl/fbAQLP

exports[`bundles chunks and assets: manifest.json 1`] = `
Object {
  "content_scripts": Array [
    Object {
      "css": Array [
        "assets/index-5f7d7b6f.css",
        "assets/import-3b031dc7.css",
      ],
      "js": Array [
        "assets/index.esm-wrapper-600ffb76.js",
      ],
      "matches": Array [
        "http://*/*",
        "https://*/*",
      ],
    },
    Object {
      "css": Array [
        "assets/index-5dfee6cc.css",
        "assets/import-3b031dc7.css",
      ],
      "js": Array [
        "assets/index.esm-wrapper-72fbbdd0.js",
      ],
      "matches": Array [
        "http://*/*",
        "https://*/*",
      ],
    },
  ],
  "description": "integration tests",
  "manifest_version": 3,
  "name": "Test",
  "permissions": Array [],
  "version": "1.0.0",
  "web_accessible_resources": Array [
    Object {
      "matches": Array [
        "http://*/*",
        "https://*/*",
      ],
      "resources": Array [
        "modules/import-8167e8d6.js",
        "content1/index.js",
        "content2/index.js",
      ],
    },
  ],
}
`;
