// Jest Snapshot v1, https://goo.gl/fbAQLP

exports[`bundles chunks and assets: background.js 1`] = `
"console.log(\\"service_worker.js\\");
"
`;

exports[`bundles chunks and assets: content.js 1`] = `
"(function () {
  'use strict';

  (function() {
    console.log(\\"content script\\");
  })();

})();
"
`;

exports[`bundles chunks and assets: manifest.json 1`] = `
Object {
  "action": Object {
    "default_popup": "popup.html",
  },
  "background": Object {
    "service_worker": "background.js",
    "type": "module",
  },
  "content_scripts": Array [
    Object {
      "js": Array [
        "content.js",
      ],
      "matches": Array [
        "https://a.com/*",
        "http://b.com/*",
      ],
    },
  ],
  "description": "Basic MV3 Chrome Extension",
  "host_permissions": Array [
    "https://c.com/*",
  ],
  "manifest_version": 3,
  "name": "mv3-basic-js",
  "permissions": Array [],
  "version": "1.0.0",
}
`;

exports[`bundles chunks and assets: parsed manifest 1`] = `
Array [
  Array [
    "background.js",
  ],
  Array [
    "content.js",
  ],
  Array [],
  Array [
    "popup.html",
  ],
  Array [],
  Array [],
]
`;

exports[`bundles chunks and assets: popup.html 1`] = `
"<!DOCTYPE html><html lang=\\"en\\"><head>
    <meta charset=\\"UTF-8\\">
    <meta name=\\"viewport\\" content=\\"width=1000, initial-scale=1.0\\">
    <title>Popup Page</title>
  </head>
  <body>
    <div id=\\"root\\"></div>
    <script src=\\"popup.js\\" type=\\"module\\"></script>
  

</body></html>"
`;
