// Jest Snapshot v1, https://goo.gl/fbAQLP

exports[`serve fs output: 00 manifest.json 1`] = `
Object {
  "action": Object {
    "default_popup": "src/popup.html",
  },
  "background": Object {
    "service_worker": "service-worker-loader.js",
    "type": "module",
  },
  "content_scripts": Array [
    Object {
      "js": Array [
        "assets/content-script-loader.content.tsx.hash.js",
      ],
      "matches": Array [
        "http://*/*",
      ],
    },
  ],
  "manifest_version": 3,
  "name": "test extension",
  "version": "1.0.0",
  "web_accessible_resources": Array [
    Object {
      "matches": Array [
        "<all_urls>",
      ],
      "resources": Array [
        "*",
        "**/*",
      ],
      "use_dynamic_url": true,
    },
  ],
}
`;

exports[`serve fs output: 01 output files 1`] = `
Array [
  "assets/content-script-client.js.hash.js",
  "assets/content-script-loader.content.tsx.hash.js",
  "assets/content-script-preamble.js.hash.js",
  "assets/precontroller.hash.js",
  "assets/react-refresh.hash.js",
  "manifest.json",
  "service-worker-loader.js",
  "src/App.tsx.js",
  "src/content.tsx.js",
  "src/popup.html",
]
`;

exports[`serve fs output: assets/content-script-loader.content.tsx.hash.js 1`] = `
"(function () {
  'use strict';

  (async () => {
    if (\\"assets/content-script-preamble.js.hash.js\\")
      await import(
        /* @vite-ignore */
        chrome.runtime.getURL(\\"assets/content-script-preamble.js.hash.js\\")
      );
    await import(
      /* @vite-ignore */
      chrome.runtime.getURL(\\"assets/content-script-client.js.hash.js\\")
    );
    await import(
      /* @vite-ignore */
      chrome.runtime.getURL(\\"src/content.tsx.js\\")
    );
  })().catch(console.error);

})();
"
`;

exports[`serve fs output: assets/content-script-preamble.js.hash.js 1`] = `
"import { e as exports } from './react-refresh.hash.js';

exports.injectIntoGlobalHook(window);
window.$RefreshReg$ = () => {};
window.$RefreshSig$ = () => (type) => type;
window.__vite_plugin_react_preamble_installed__ = true;
"
`;

exports[`serve fs output: assets/precontroller.hash.js 1`] = `
"setTimeout(() => location.reload(), 100);
"
`;

exports[`serve fs output: service-worker-loader.js 1`] = `
"import 'http://localhost:3000/@crx/client/worker';
"
`;

exports[`serve fs output: src/App.tsx.js 1`] = `
"import { createHotContext } from '../assets/content-script-client.js.hash.js';
import { e as exports } from '../assets/react-refresh.hash.js';
import { r as react_jsx_dev_runtime_default } from '../.vite/react_jsx-dev-runtime.js.js';

import.meta.hot = createHotContext(\\"/src/App.tsx\\");let prevRefreshReg;
let prevRefreshSig;
if (import.meta.hot) {
  if (!window.__vite_plugin_react_preamble_installed__) {
    throw new Error(\\"@vitejs/plugin-react can't detect preamble. Something is wrong. See https://github.com/vitejs/vite-plugin-react/pull/11#discussion_r430879201\\");
  }
  prevRefreshReg = window.$RefreshReg$;
  prevRefreshSig = window.$RefreshSig$;
  window.$RefreshReg$ = (type, id) => {
    exports.register(type, \\"/media/jack/Storage/Documents/ExtendChrome/rpce/tests/mv3/vite-react-fast-refresh/src/App.tsx \\" + id);
  };
  window.$RefreshSig$ = exports.createSignatureFunctionForTransform;
}
var _jsxFileName = \\"/media/jack/Storage/Documents/ExtendChrome/rpce/tests/mv3/vite-react-fast-refresh/src/App.tsx\\";
 const _jsxDEV = react_jsx_dev_runtime_default[\\"jsxDEV\\"];
const App = () => {
  return /* @__PURE__ */ _jsxDEV(\\"div\\", {
    children: [/* @__PURE__ */ _jsxDEV(\\"h1\\", {
      children: \\"Popup Page\\"
    }, void 0, false, {
      fileName: _jsxFileName,
      lineNumber: 6,
      columnNumber: 7
    }, this), /* @__PURE__ */ _jsxDEV(\\"p\\", {
      children: \\"If you are seeing this, React is working!\\"
    }, void 0, false, {
      fileName: _jsxFileName,
      lineNumber: 7,
      columnNumber: 7
    }, this)]
  }, void 0, true, {
    fileName: _jsxFileName,
    lineNumber: 5,
    columnNumber: 5
  }, this);
};
_c = App;
var _c;
$RefreshReg$(_c, \\"App\\");
if (import.meta.hot) {
  window.$RefreshReg$ = prevRefreshReg;
  window.$RefreshSig$ = prevRefreshSig;
  import.meta.hot.accept();
  if (!window.__vite_plugin_react_timeout) {
    window.__vite_plugin_react_timeout = setTimeout(() => {
      window.__vite_plugin_react_timeout = 0;
      exports.performReactRefresh();
    }, 30);
  }
}

export { App as A };
"
`;

exports[`serve fs output: src/content.tsx.js 1`] = `
"import { r as react_dom_default } from '../.vite/react-dom.js.js';
import { A as App } from './App.tsx.js';
import { r as react_jsx_dev_runtime_default } from '../.vite/react_jsx-dev-runtime.js.js';
import '../.vite/chunk-E2HL6QYL.js.js';
import '../assets/content-script-client.js.hash.js';
import '../assets/react-refresh.hash.js';

var _jsxFileName = \\"/media/jack/Storage/Documents/ExtendChrome/rpce/tests/mv3/vite-react-fast-refresh/src/content.tsx\\";
 const render = react_dom_default[\\"render\\"];
 const _jsxDEV = react_jsx_dev_runtime_default[\\"jsxDEV\\"];
console.log(\\"content script\\");
const root = document.createElement(\\"div\\");
root.id = \\"root\\";
document.body.append(root);
render(/* @__PURE__ */ _jsxDEV(App, {}, void 0, false, {
  fileName: _jsxFileName,
  lineNumber: 10,
  columnNumber: 8
}, this), root);
"
`;

exports[`serve fs output: src/popup.html 1`] = `
"<!DOCTYPE html>
<html lang=\\"en\\">
  <head>
    <title>Waiting for the extension service worker...</title>
    <script src=\\"/assets/precontroller.hash.js\\"></script>
  </head>
  <body>
    <h1>Waiting for service worker</h1>

    <p>
      If you see this message, it means the service worker has not loaded fully.
    </p>

    <p>
      During development, the service worker reroutes HTML requests to the dev
      server, so this file isn't used unless the extension service worker opens
      a page immediately after a full extension reload, and before the service
      worker takes control of fetch (e.g., in the onInstalled event). In that
      case, this page will continuously reload until the service worker is
      ready, always less than 100 ms.
    </p>

    <p>This page is never added in production.</p>
  </body>
</html>
"
`;
